node.exe : FAIL src/routes/
__tests__/integration.test.
ts
No linha:1 caractere:1
+ & "C:\Users\dlpun\.trae\b
inaries\node\versions\22.19
.0/node.exe" "C:\ ...
+ ~~~~~~~~~~~~~~~~~~~~~~~~~
~~~~~~~~~~~~~~~~~~~~~~~~~~~
~~~~~~~~~~~~~~~~~
    + CategoryInfo         
     : NotSpecified: (FAI  
  L src/routes...gration   
 .test.ts:String) [], R    
emoteException
    + FullyQualifiedErrorI 
   d : NativeCommandError
 
  ÔùÅ Test suite failed to 
run

    Cannot find module '../
services/discord.service.js
' from 'src/controllers/ord
er.controller.ts'

      2 | import { prisma 
} from "../lib/prisma";
      3 | import { Prisma 
} from "@prisma/client";
    > 4 | import { 
sendOrderToDiscord } from "
../services/discord.service
.js";
        | ^
      5 | import { 
createOrderSchema } from 
"../schemas/order.schema";
      6 |
      7 | export const 
createOrder = async (req: 
Request, res: Response) => 
{

      at Resolver._throwMod
NotFoundError (node_modules
/jest-resolve/build/index.j
s:863:11)
      at 
Object.<anonymous> (src/con
trollers/order.controller.t
s:4:1)
      at 
Object.<anonymous> (src/rou
tes/ecommerce.routes.ts:5:1
)
      at 
Object.<anonymous> (src/rou
tes/__tests__/integration.t
est.ts:3:1)

Test Suites: 1 failed, 1 
total
Tests:       0 total
Snapshots:   0 total
Time:        4.543 s
Ran all test suites 
matching src/routes/__tests
__/integration.test.ts.
